// Jest Snapshot v1, https://goo.gl/fbAQLP

exports[`ShapeStylePreview mounts 1`] = `
<canvas
  height={64}
  style={
    Object {
      "verticalAlign": "middle",
    }
  }
  width={64}
/>
`;
